<html>
<body>
<pre>
<h1>µVision Build Log</h1>
<h2>Project:</h2>
G:\MyDesign\Project_design\SmartMailBox\Software\SmartBox\Project\SmartBox.uvproj
Project File Date:  06/07/2015

<h2>Output:</h2>
Build target 'Target 1'
compiling system_stm32f10x.c...
assembling startup_stm32f10x_md.s...
compiling misc.c...
compiling stm32f10x_exti.c...
compiling stm32f10x_flash.c...
compiling stm32f10x_gpio.c...
compiling stm32f10x_rcc.c...
compiling stm32f10x_tim.c...
compiling stm32f10x_usart.c...
compiling irmp.c...
compiling bsp.c...
compiling BspTime2.c...
compiling BspTime3.c...
compiling BspUsart1.c...
compiling LedDriver.c...
compiling HT1632C.c...
compiling CodeKey.c...
compiling IRCode.c...
compiling 128 step volume control list.c...
compiling RelayVolcontrol.c...
compiling FlashPrimitives.c...
compiling key.c...
compiling main.c...
linking...
Program Size: Code=10932 RO-data=668 RW-data=428 ZI-data=4212  
FromELF: creating hex file...
User command #1: fromelf.exe --bin -o "G:\MyDesign\Project_design\SmartMailBox\Software\SmartBox\Project\Out\SmartBox.bin" "G:\MyDesign\Project_design\SmartMailBox\Software\SmartBox\Project\Out\SmartBox.axf"
User command #2: AppGenerated.bat "G:\MyDesign\Project_design\SmartMailBox\Software\SmartBox\Project\Out\SmartBox.bin" "G:\MyDesign\Project_design\SmartMailBox\Software\SmartBox\Project\Out\SmartBox.dat"  "G:\MyDesign\Project_design\SmartMailBox\Software\SmartBox\Project\Out\SmartBox.hex" "Bootloader.hex"
G:\MyDesign\Project_design\SmartMailBox\Software\SmartBox\Project>call "AppGenerate.exe" "G:\MyDesign\Project_design\SmartMailBox\Software\SmartBox\Project\Out\SmartBox.bin" "G:\MyDesign\Project_design\SmartMailBox\Software\SmartBox\Project\Out\SmartBox.dat" 
Create G:\MyDesign\Project_design\SmartMailBox\Software\SmartBox\Project\Out\SmartBox.dat file success
G:\MyDesign\Project_design\SmartMailBox\Software\SmartBox\Project>call "HexAppGenerate.exe" "G:\MyDesign\Project_design\SmartMailBox\Software\SmartBox\Project\Out\SmartBox.hex" "Bootloader.hex" 
SourceFile:G:\MyDesign\Project_design\SmartMailBox\Software\SmartBox\Project\Out\SmartBox.hex
BootFile:Bootloader.hex
Create BootloaderSmartBox20150607152411.hex file success
".\Out\SmartBox.axf" - 0 Error(s), 0 Warning(s).
